../Core/Src/main.c:120:7:adc_to_voltage	24	static
../Core/Src/main.c:125:7:voltage_to_kpa	24	static
../Core/Src/main.c:130:7:kpa_to_inh2o	24	static
../Core/Src/main.c:136:6:autoZero	16	static
../Core/Src/main.c:157:5:main	32	static
../Core/Src/main.c:221:6:SystemClock_Config	88	static
../Core/Src/main.c:279:13:MX_ADC1_Init	24	static
../Core/Src/main.c:331:13:MX_ETH_Init	8	static
../Core/Src/main.c:380:13:MX_USART3_UART_Init	8	static
../Core/Src/main.c:415:13:MX_USB_OTG_FS_PCD_Init	8	static
../Core/Src/main.c:450:13:MX_GPIO_Init	56	static
../Core/Src/main.c:522:6:Error_Handler	4	static,ignoring_inline_asm
