../Core/Src/main.c:183:6:func_clear_values	4	static
../Core/Src/main.c:191:6:func_sensor_connection_status	8	static
../Core/Src/main.c:214:6:func_monitor_sensor_status	4	static
../Core/Src/main.c:221:6:func_calibrate_sensor	8	static
../Core/Src/main.c:232:6:func_adc_conversion	8	static
../Core/Src/main.c:241:6:func_average_adc_measurement	8	static
../Core/Src/main.c:257:6:new_measurement	8	static
../Core/Src/main.c:264:6:func_get_adc_value	8	static
../Core/Src/main.c:272:6:func_auto_zero	8	static
../Core/Src/main.c:280:6:func_adc_to_voltage	4	static
../Core/Src/main.c:292:6:func_voltage_to_kpa	4	static
../Core/Src/main.c:301:6:func_kpa_to_cmh2o	4	static
../Core/Src/main.c:306:6:func_kpa_to_inh2o	4	static
../Core/Src/main.c:310:6:func_measurements_to_terminal	32	static
../Core/Src/main.c:321:5:main	8	static
../Core/Src/main.c:430:6:SystemClock_Config	88	static
../Core/Src/main.c:488:13:MX_ADC1_Init	24	static
../Core/Src/main.c:540:13:MX_ETH_Init	8	static
../Core/Src/main.c:589:13:MX_TIM2_Init	40	static
../Core/Src/main.c:634:13:MX_TIM4_Init	64	static
../Core/Src/main.c:693:13:MX_TIM6_Init	24	static
../Core/Src/main.c:732:13:MX_TIM7_Init	24	static
../Core/Src/main.c:771:13:MX_USART3_UART_Init	8	static
../Core/Src/main.c:806:13:MX_USB_OTG_FS_PCD_Init	8	static
../Core/Src/main.c:841:13:MX_GPIO_Init	56	static
../Core/Src/main.c:925:6:HAL_TIM_PeriodElapsedCallback	16	static
../Core/Src/main.c:987:6:Error_Handler	4	static,ignoring_inline_asm
