../Core/Src/main.c:164:6:func_clear_values	4	static
../Core/Src/main.c:174:6:func_sensor_connection_status	8	static
../Core/Src/main.c:197:6:func_monitor_sensor_status	4	static
../Core/Src/main.c:204:6:func_calibrate_sensor	8	static
../Core/Src/main.c:215:6:func_adc_conversion	8	static
../Core/Src/main.c:224:6:func_average_adc_measurement	8	static
../Core/Src/main.c:251:6:new_measurement	8	static
../Core/Src/main.c:262:6:func_get_adc_value	8	static
../Core/Src/main.c:268:6:func_auto_zero	8	static
../Core/Src/main.c:276:6:func_adc_to_voltage	4	static
../Core/Src/main.c:288:6:func_voltage_to_kpa	4	static
../Core/Src/main.c:296:6:func_kpa_to_cmh2o	4	static
../Core/Src/main.c:301:6:func_kpa_to_inh2o	4	static
../Core/Src/main.c:306:6:HAL_TIM_PeriodElapsedCallback	16	static
../Core/Src/main.c:317:6:HAL_ADC_ConvCpltCallback	16	static
../Core/Src/main.c:324:6:HAL_ADC_ConvHalfCpltCallback	16	static
../Core/Src/main.c:336:5:main	32	static
../Core/Src/main.c:448:6:SystemClock_Config	88	static
../Core/Src/main.c:506:13:MX_ADC1_Init	24	static
../Core/Src/main.c:558:13:MX_ETH_Init	8	static
../Core/Src/main.c:607:13:MX_TIM2_Init	40	static
../Core/Src/main.c:652:13:MX_TIM4_Init	64	static
../Core/Src/main.c:711:13:MX_USART3_UART_Init	8	static
../Core/Src/main.c:746:13:MX_USB_OTG_FS_PCD_Init	8	static
../Core/Src/main.c:781:13:MX_GPIO_Init	56	static
../Core/Src/main.c:872:6:Error_Handler	4	static,ignoring_inline_asm
