../Core/Src/main.c:163:6:func_clear_values	4	static
../Core/Src/main.c:173:6:func_sensor_connection_status	8	static
../Core/Src/main.c:196:6:func_monitor_sensor_status	4	static
../Core/Src/main.c:203:6:func_calibrate_sensor	8	static
../Core/Src/main.c:214:6:func_adc_conversion	8	static
../Core/Src/main.c:223:6:func_average_adc_measurement	8	static
../Core/Src/main.c:250:6:new_measurement	8	static
../Core/Src/main.c:261:6:func_get_adc_value	8	static
../Core/Src/main.c:267:6:func_auto_zero	8	static
../Core/Src/main.c:275:6:func_adc_to_voltage	4	static
../Core/Src/main.c:287:6:func_voltage_to_kpa	4	static
../Core/Src/main.c:295:6:func_kpa_to_cmh2o	4	static
../Core/Src/main.c:300:6:func_kpa_to_inh2o	4	static
../Core/Src/main.c:305:6:HAL_TIM_PeriodElapsedCallback	16	static
../Core/Src/main.c:316:6:HAL_ADC_ConvCpltCallback	16	static
../Core/Src/main.c:323:6:HAL_ADC_ConvHalfCpltCallback	16	static
../Core/Src/main.c:340:5:main	40	static
../Core/Src/main.c:449:6:SystemClock_Config	88	static
../Core/Src/main.c:507:13:MX_ADC1_Init	24	static
../Core/Src/main.c:559:13:MX_ETH_Init	8	static
../Core/Src/main.c:608:13:MX_TIM2_Init	40	static
../Core/Src/main.c:653:13:MX_TIM4_Init	64	static
../Core/Src/main.c:712:13:MX_USART3_UART_Init	8	static
../Core/Src/main.c:747:13:MX_USB_OTG_FS_PCD_Init	8	static
../Core/Src/main.c:782:13:MX_GPIO_Init	56	static
../Core/Src/main.c:873:6:Error_Handler	4	static,ignoring_inline_asm
