../Core/Src/main.c:139:6:func_clear_values	4	static
../Core/Src/main.c:149:6:func_init_sensor_connection_status	8	static
../Core/Src/main.c:172:6:func_monitor_sensor_status	4	static
../Core/Src/main.c:179:6:func_calibrate_sensor	8	static
../Core/Src/main.c:190:6:func_adc_conversion	8	static
../Core/Src/main.c:199:6:func_average_adc_measurement	8	static
../Core/Src/main.c:226:6:new_measurement	8	static
../Core/Src/main.c:233:6:func_get_adc_value	8	static
../Core/Src/main.c:239:6:func_auto_zero	8	static
../Core/Src/main.c:247:6:func_adc_to_voltage	4	static
../Core/Src/main.c:259:6:func_voltage_to_kpa	4	static
../Core/Src/main.c:267:6:func_kpa_to_cmh2o	4	static
../Core/Src/main.c:272:6:func_kpa_to_inh2o	4	static
../Core/Src/main.c:277:6:HAL_TIM_PeriodElapsedCallback	16	static
../Core/Src/main.c:288:6:HAL_ADC_ConvCpltCallback	16	static
../Core/Src/main.c:295:6:HAL_ADC_ConvHalfCpltCallback	16	static
../Core/Src/main.c:312:5:main	32	static
../Core/Src/main.c:386:6:SystemClock_Config	88	static
../Core/Src/main.c:444:13:MX_ADC1_Init	24	static
../Core/Src/main.c:496:13:MX_ETH_Init	8	static
../Core/Src/main.c:545:13:MX_TIM2_Init	40	static
../Core/Src/main.c:590:13:MX_USART3_UART_Init	8	static
../Core/Src/main.c:625:13:MX_USB_OTG_FS_PCD_Init	8	static
../Core/Src/main.c:660:13:MX_GPIO_Init	56	static
../Core/Src/main.c:732:6:Error_Handler	4	static,ignoring_inline_asm
