../Core/Src/main.c:138:6:func_clear_values	4	static
../Core/Src/main.c:148:6:func_init_sensor_connection_status	8	static
../Core/Src/main.c:171:6:func_monitor_sensor_status	4	static
../Core/Src/main.c:178:6:func_calibrate_sensor	8	static
../Core/Src/main.c:190:6:func_adc_conversion	8	static
../Core/Src/main.c:198:6:func_average_adc_measurement	8	static
../Core/Src/main.c:225:6:func_get_adc_value	8	static
../Core/Src/main.c:231:6:func_auto_zero	4	static
../Core/Src/main.c:238:6:func_adc_to_voltage	4	static
../Core/Src/main.c:249:6:func_voltage_to_psi	4	static
../Core/Src/main.c:257:6:func_psi_to_cmh2o	4	static
../Core/Src/main.c:262:6:HAL_TIM_PeriodElapsedCallback	16	static
../Core/Src/main.c:273:6:HAL_ADC_ConvCpltCallback	16	static
../Core/Src/main.c:280:6:HAL_ADC_ConvHalfCpltCallback	16	static
../Core/Src/main.c:297:5:main	32	static
../Core/Src/main.c:384:6:SystemClock_Config	88	static
../Core/Src/main.c:442:13:MX_ADC1_Init	24	static
../Core/Src/main.c:494:13:MX_ETH_Init	8	static
../Core/Src/main.c:543:13:MX_TIM2_Init	40	static
../Core/Src/main.c:588:13:MX_USART3_UART_Init	8	static
../Core/Src/main.c:623:13:MX_USB_OTG_FS_PCD_Init	8	static
../Core/Src/main.c:658:13:MX_GPIO_Init	56	static
../Core/Src/main.c:730:6:Error_Handler	4	static,ignoring_inline_asm
