../Core/Src/main.c:138:6:func_clear_values	4	static
../Core/Src/main.c:148:6:func_init_sensor_connection_status	8	static
../Core/Src/main.c:171:6:func_monitor_sensor_status	4	static
../Core/Src/main.c:178:6:func_calibrate_sensor	8	static
../Core/Src/main.c:189:6:func_adc_conversion	8	static
../Core/Src/main.c:198:6:func_average_adc_measurement	8	static
../Core/Src/main.c:225:6:new_measurement	8	static
../Core/Src/main.c:232:6:func_get_adc_value	8	static
../Core/Src/main.c:238:6:func_auto_zero	8	static
../Core/Src/main.c:246:6:func_adc_to_voltage	4	static
../Core/Src/main.c:258:6:func_voltage_to_kpa	4	static
../Core/Src/main.c:266:6:func_kpa_to_cmh2o	4	static
../Core/Src/main.c:271:6:func_kpa_to_inh2o	4	static
../Core/Src/main.c:276:6:HAL_TIM_PeriodElapsedCallback	16	static
../Core/Src/main.c:287:6:HAL_ADC_ConvCpltCallback	16	static
../Core/Src/main.c:294:6:HAL_ADC_ConvHalfCpltCallback	16	static
../Core/Src/main.c:311:5:main	32	static
../Core/Src/main.c:385:6:SystemClock_Config	88	static
../Core/Src/main.c:443:13:MX_ADC1_Init	24	static
../Core/Src/main.c:495:13:MX_ETH_Init	8	static
../Core/Src/main.c:544:13:MX_TIM2_Init	40	static
../Core/Src/main.c:589:13:MX_USART3_UART_Init	8	static
../Core/Src/main.c:624:13:MX_USB_OTG_FS_PCD_Init	8	static
../Core/Src/main.c:659:13:MX_GPIO_Init	56	static
../Core/Src/main.c:731:6:Error_Handler	4	static,ignoring_inline_asm
