../Core/Src/main.c:136:6:func_clear_values	4	static
../Core/Src/main.c:146:6:func_init_sensor_connection_status	8	static
../Core/Src/main.c:168:6:func_monitor_sensor_status	4	static
../Core/Src/main.c:175:6:func_calibrate_sensor	8	static
../Core/Src/main.c:187:6:func_average_adc_measurement	8	static
../Core/Src/main.c:214:6:func_new_measurement	8	static
../Core/Src/main.c:221:6:func_get_adc_value	8	static
../Core/Src/main.c:238:6:func_adc_to_voltage	4	static
../Core/Src/main.c:248:6:func_voltage_to_psi	4	static
../Core/Src/main.c:256:6:func_auto_zero	4	static
../Core/Src/main.c:262:6:func_corrected_pressure	4	static
../Core/Src/main.c:268:6:func_psi_to_cmh2o	4	static
../Core/Src/main.c:273:6:func_corrected_measurement	8	static
../Core/Src/main.c:279:6:HAL_TIM_PeriodElapsedCallback	16	static
../Core/Src/main.c:290:6:HAL_ADC_ConvCpltCallback	16	static
../Core/Src/main.c:297:6:HAL_ADC_ConvHalfCpltCallback	16	static
../Core/Src/main.c:314:5:main	16	static
../Core/Src/main.c:389:6:SystemClock_Config	88	static
../Core/Src/main.c:447:13:MX_ADC1_Init	24	static
../Core/Src/main.c:499:13:MX_ETH_Init	8	static
../Core/Src/main.c:548:13:MX_TIM2_Init	40	static
../Core/Src/main.c:593:13:MX_USART3_UART_Init	8	static
../Core/Src/main.c:628:13:MX_USB_OTG_FS_PCD_Init	8	static
../Core/Src/main.c:663:13:MX_GPIO_Init	56	static
../Core/Src/main.c:735:6:Error_Handler	4	static,ignoring_inline_asm
