../Core/Src/main.c:163:6:func_clear_values	4	static
../Core/Src/main.c:173:6:func_init_sensor_connection_status	8	static
../Core/Src/main.c:196:6:func_monitor_sensor_status	4	static
../Core/Src/main.c:203:6:func_calibrate_sensor	8	static
../Core/Src/main.c:214:6:func_adc_conversion	8	static
../Core/Src/main.c:223:6:func_average_adc_measurement	8	static
../Core/Src/main.c:250:6:new_measurement	8	static
../Core/Src/main.c:257:6:func_get_adc_value	8	static
../Core/Src/main.c:263:6:func_auto_zero	8	static
../Core/Src/main.c:271:6:func_adc_to_voltage	4	static
../Core/Src/main.c:283:6:func_voltage_to_kpa	4	static
../Core/Src/main.c:291:6:func_kpa_to_cmh2o	4	static
../Core/Src/main.c:296:6:func_kpa_to_inh2o	4	static
../Core/Src/main.c:301:6:HAL_TIM_PeriodElapsedCallback	16	static
../Core/Src/main.c:312:6:HAL_ADC_ConvCpltCallback	16	static
../Core/Src/main.c:319:6:HAL_ADC_ConvHalfCpltCallback	16	static
../Core/Src/main.c:336:5:main	16	static
../Core/Src/main.c:442:6:SystemClock_Config	88	static
../Core/Src/main.c:500:13:MX_ADC1_Init	24	static
../Core/Src/main.c:552:13:MX_ETH_Init	8	static
../Core/Src/main.c:601:13:MX_TIM2_Init	40	static
../Core/Src/main.c:646:13:MX_TIM4_Init	64	static
../Core/Src/main.c:705:13:MX_USART3_UART_Init	8	static
../Core/Src/main.c:740:13:MX_USB_OTG_FS_PCD_Init	8	static
../Core/Src/main.c:775:13:MX_GPIO_Init	56	static
../Core/Src/main.c:866:6:Error_Handler	4	static,ignoring_inline_asm
