10:44:09 **** Incremental Build of configuration Debug for project NPVP ****
make -j15 all 
arm-none-eabi-size  NPVP.elf 
   text	   data	    bss	    dec	    hex	filename
  41656	    820	   4068	  46544	   b5d0	NPVP.elf
Finished building: default.size.stdout
 
10:44:12 **** Incremental Build of configuration Debug for project NPVP ****
make -j15 all 
arm-none-eabi-size  NPVP.elf 
   text	   data	    bss	    dec	    hex	filename
  41656	    820	   4068	  46544	   b5d0	NPVP.elf
Finished building: default.size.stdout
 
