16:54:20 **** Incremental Build of configuration Debug for project NPVP ****
make -j15 all 
arm-none-eabi-size  NPVP.elf 
   text	   data	    bss	    dec	    hex	filename
  40104	    812	  23964	  64880	   fd70	NPVP.elf
Finished building: default.size.stdout
 
16:54:23 **** Incremental Build of configuration Debug for project NPVP ****
make -j15 all 
arm-none-eabi-size  NPVP.elf 
   text	   data	    bss	    dec	    hex	filename
  40104	    812	  23964	  64880	   fd70	NPVP.elf
Finished building: default.size.stdout
 
