12:32:25 **** Incremental Build of configuration Debug for project NPVP ****
make -j15 all 
arm-none-eabi-gcc "../Core/Src/main.c" -mcpu=cortex-m7 -std=gnu11 -g3 -DDEBUG -DUSE_HAL_DRIVER -DSTM32F767xx -c -I../Core/Inc -I../Drivers/STM32F7xx_HAL_Driver/Inc -I../Drivers/STM32F7xx_HAL_Driver/Inc/Legacy -I../Drivers/CMSIS/Device/ST/STM32F7xx/Include -I../Drivers/CMSIS/Include -O0 -ffunction-sections -fdata-sections -Wall -fstack-usage -fcyclomatic-complexity -MMD -MP -MF"Core/Src/main.d" -MT"Core/Src/main.o" --specs=nano.specs -mfpu=fpv5-d16 -mfloat-abi=hard -mthumb -o "Core/Src/main.o"
arm-none-eabi-gcc -o "NPVP.elf" @"objects.list"   -mcpu=cortex-m7 -T"/Users/james/NPVP/NPVP/STM32F767ZITX_FLASH.ld" --specs=nosys.specs -Wl,-Map="NPVP.map" -Wl,--gc-sections -static -u _printf_float --specs=nano.specs -mfpu=fpv5-d16 -mfloat-abi=hard -mthumb -Wl,--start-group -lc -lm -Wl,--end-group
/Applications/STM32CubeIDE.app/Contents/Eclipse/plugins/com.st.stm32cube.ide.mcu.externaltools.gnu-tools-for-stm32.12.3.rel1.macos64_1.0.100.202403111906/tools/bin/../lib/gcc/arm-none-eabi/12.3.1/../../../../arm-none-eabi/bin/ld: warning: NPVP.elf has a LOAD segment with RWX permissions
Finished building target: NPVP.elf
 
arm-none-eabi-size  NPVP.elf 
arm-none-eabi-objdump -h -S NPVP.elf  > "NPVP.list"
   text	   data	    bss	    dec	    hex	filename
  39408	    812	   4020	  44240	   acd0	NPVP.elf
Finished building: default.size.stdout
 
Finished building: NPVP.list
 

12:32:25 Build Finished. 0 errors, 1 warnings. (took 663ms)

